Sub ICB Location name, Sub ICB Location ODS, Requesting practice name, Requesting practice ODS, GP2GP Transfers received, Integrated within 3 days, Integrated within 3 days - %, Integrated within 8 days, Integrated within 8 days - %, Not integrated within 8 days (integrated late + not integrated), Not integrated within 8 days (integrated late + not integrated) - %, Integrated late, Integrated late - %, Not integrated within 14 days, Not integrated within 14 days - %
"Test ICB 1", "10D", "Test GP Practice D", "A12347", "7", "1", "14.285714285714285", "2", "28.57142857142857", "4", "57.14285714285714", "1", "14.285714285714285", "3", "42.857142857142854"
"Test ICB 4", "22V", "Test GP Practice A", "D12349", "3", "2", "66.66666666666666", "1", "33.33333333333333", "0", "0", "0", "0", "0", "0"