sending practice ASID, sending supplier, requesting practice ASID, requesting supplier, conversation ID, date requested, status, failure reason, unique final errors, unique sender errors, unique intermediate errors
"987654321241", "SupplierB", "987654321240", "SupplierC", "unclassified-failure--A12347", "2019-12-31 12:00:21.985000", "Unclassified failure", "Transferred, not integrated, with error", "", "", "99 - Unexpected"