sending practice ASID, sending supplier, sending practice ODS code, sending practice CCG ODS code, requesting practice ASID, requesting supplier, requesting practice ODS code, requesting practice CCG ODS code, conversation ID, date requested, status, failure reason, unique final errors, unique sender errors, unique intermediate errors
"987654321241", "SupplierB", "", "", "987654321240", "SupplierC", "D12349", "22V", "unclassified-failure--A12347", "2019-12-31 12:00:21.985000", "Unclassified failure", "Transferred, not integrated, with error", "", "", "99 - Unexpected"