requesting supplier,sending supplier,status,failure reason,unique final errors,unique sender errors,unique intermediate errors,number of transfers,% of transfers,% of technical failures,% of supplier pathway
"SupplierA","SupplierB","Technical failure","Final error","19 - Unauthorised req","","",1,50,50,100
"SupplierB","SupplierC","Technical failure","Final error","26 - Filed as attachment","","",1,50,50,100
