requesting supplier,sending supplier,status,failure reason,unique final errors,unique sender errors,unique intermediate errors,number of transfers,% of transfers,% of technical failures,% of supplier pathway
"SupplierA","SupplierB","Process failure","Transferred, not integrated","","","",1,50,,100
"SupplierA","SupplierC","Process failure","Transferred, not integrated","","","",1,50,,100
